interop_dll_path FAILED for: win-arm64
  sys._MEIPASS: C:\Users\Trape\AppData\Local\Temp\_MEI88522
  sys.argv[0]: E:\Programming\CoreFrame\dist\CoreFrame.exe
  check: C:\Users\Trape\AppData\Local\Temp\_MEI88522\webview\lib\win-arm64  exists=False
  check: C:\Users\Trape\AppData\Local\Temp\_MEI88522\webview\lib\runtimes\win-arm64\native  exists=False
  check: C:\Users\Trape\AppData\Local\Temp\_MEI88522\win-arm64  exists=False
  fallback: C:\Users\Trape\AppData\Local\Temp\_MEI88522\webview\lib\win-arm64  exists=False
  fallback: C:\Users\Trape\AppData\Local\Temp\_MEI88522\webview\lib\runtimes\win-arm64\native  exists=False
  fallback: C:\Users\Trape\AppData\Local\Temp\_MEI88522\lib\win-arm64  exists=False
  fallback: C:\Users\Trape\AppData\Local\Temp\_MEI88522\lib\runtimes\win-arm64\native  exists=False
interop_dll_path FAILED for: win-arm64
  sys._MEIPASS: C:\Users\Trape\AppData\Local\Temp\_MEI42722
  sys.argv[0]: E:\Programming\CoreFrame\dist\CoreFrame.exe
  check: C:\Users\Trape\AppData\Local\Temp\_MEI42722\webview\lib\win-arm64  exists=False
  check: C:\Users\Trape\AppData\Local\Temp\_MEI42722\webview\lib\runtimes\win-arm64\native  exists=False
  check: C:\Users\Trape\AppData\Local\Temp\_MEI42722\win-arm64  exists=False
  fallback: C:\Users\Trape\AppData\Local\Temp\_MEI42722\webview\lib\win-arm64  exists=False
  fallback: C:\Users\Trape\AppData\Local\Temp\_MEI42722\webview\lib\runtimes\win-arm64\native  exists=False
  fallback: C:\Users\Trape\AppData\Local\Temp\_MEI42722\lib\win-arm64  exists=False
  fallback: C:\Users\Trape\AppData\Local\Temp\_MEI42722\lib\runtimes\win-arm64\native  exists=False
interop_dll_path FAILED for: win-arm64
  sys._MEIPASS: C:\Users\Trape\AppData\Local\Temp\_MEI33482
  sys.argv[0]: E:\Programming\CoreFrame\dist\CoreFrame.exe
  check: C:\Users\Trape\AppData\Local\Temp\_MEI33482\webview\lib\win-arm64  exists=False
  check: C:\Users\Trape\AppData\Local\Temp\_MEI33482\webview\lib\runtimes\win-arm64\native  exists=False
  check: C:\Users\Trape\AppData\Local\Temp\_MEI33482\win-arm64  exists=False
  fallback: C:\Users\Trape\AppData\Local\Temp\_MEI33482\webview\lib\win-arm64  exists=False
  fallback: C:\Users\Trape\AppData\Local\Temp\_MEI33482\webview\lib\runtimes\win-arm64\native  exists=False
  fallback: C:\Users\Trape\AppData\Local\Temp\_MEI33482\lib\win-arm64  exists=False
  fallback: C:\Users\Trape\AppData\Local\Temp\_MEI33482\lib\runtimes\win-arm64\native  exists=False
interop_dll_path FAILED for: win-arm64
  sys._MEIPASS: C:\Users\Trape\AppData\Local\Temp\_MEI179442
  sys.argv[0]: E:\Programming\CoreFrame\dist\CoreFrame.exe
  check: C:\Users\Trape\AppData\Local\Temp\_MEI179442\webview\lib\win-arm64  exists=False
  check: C:\Users\Trape\AppData\Local\Temp\_MEI179442\webview\lib\runtimes\win-arm64\native  exists=False
  check: C:\Users\Trape\AppData\Local\Temp\_MEI179442\win-arm64  exists=False
  fallback: C:\Users\Trape\AppData\Local\Temp\_MEI179442\webview\lib\win-arm64  exists=False
  fallback: C:\Users\Trape\AppData\Local\Temp\_MEI179442\webview\lib\runtimes\win-arm64\native  exists=False
  fallback: C:\Users\Trape\AppData\Local\Temp\_MEI179442\lib\win-arm64  exists=False
  fallback: C:\Users\Trape\AppData\Local\Temp\_MEI179442\lib\runtimes\win-arm64\native  exists=False
